[Warning] [AppRegistry] Default-handler conflict for '.md': 'ToDoApp' vs 'NotesApp'. Set defaultForExtensions on one to resolve.

[Warning] [AppRegistry] Default-handler conflict for '.md': 'ToDoApp' vs 'FeaturesApp'. Set defaultForExtensions on one to resolve.

[Warning] [AppRegistry] Default-handler conflict for '.rtf': 'ToDoApp' vs 'FeaturesApp'. Set defaultForExtensions on one to resolve.

[Warning] [AppRegistry] Default-handler conflict for '.xml': 'PlanetsApp' vs 'BookApp'. Set defaultForExtensions on one to resolve.

[Warning] [AppRegistry] Default-handler conflict for '.xml': 'PlanetsApp' vs 'UMLApp'. Set defaultForExtensions on one to resolve.

[Warning] [AppRegistry] Default-handler conflict for '.xml': 'PlanetsApp' vs 'UMLGorpApp'. Set defaultForExtensions on one to resolve.

[Warning] [AppRegistry] Default-handler conflict for '.xml': 'PlanetsApp' vs 'polynomial_simpleApp'. Set defaultForExtensions on one to resolve.

[Warning] [AppRegistry] Default-handler conflict for '.xml': 'PlanetsApp' vs 'finite_diffApp'. Set defaultForExtensions on one to resolve.

[Warning] [AppRegistry] Default-handler conflict for '.xml': 'PlanetsApp' vs 'XmlUrlHttpsApp'. Set defaultForExtensions on one to resolve.

[Warning] [AppRegistry] Default-handler conflict for '.xml': 'PlanetsApp' vs 'XmlUrlHttpApp'. Set defaultForExtensions on one to resolve.

[Warning] [AppRegistry] Default-handler conflict for '.xml': 'PlanetsApp' vs 'XMLFileApp'. Set defaultForExtensions on one to resolve.

[Warning] [AppRegistry] Default-handler conflict for '.png': 'GalleryApp' vs 'ImageApp'. Set defaultForExtensions on one to resolve.

[Warning] [AppRegistry] Default-handler conflict for '.jpg': 'GalleryApp' vs 'ImageApp'. Set defaultForExtensions on one to resolve.

[Warning] [AppRegistry] Default-handler conflict for '.jpeg': 'GalleryApp' vs 'ImageApp'. Set defaultForExtensions on one to resolve.

[Log] Loading GameSettings...

[Log]   GameSettings Loaded

[Log] -=- Running NOS (ver Recompiled since last build) built on 3/28/2026 9:10 AM-=-

[Log] [UIManager] Loading Desktop Layout from GitHub...

[Log] [UIManager] Instant restore from local cache.

[Log] [Uploader] Starting fetch for Global/DesktopLayout.nos (ID: 1)

[Log] [NOS] Boot sequence finalized.

[Log] [Desktop] OnEnable started.

[Log] [Desktop] Background and copyright label created and added to DesktopLayer.

[Log] [Desktop] No currentWallpaperUrl to restore.

[Log] [UIManager] Restoring Layout. User: Global, Background: StockCake-Luminous_Brain_Art-1010329-standard.jpg, Windows: 6

[Log] [UIManager] Found Desktop, calling SetWallpaper directly.

[Log] [Desktop] Loading wallpaper: file:///Users/dongoddard/Unity/Projects/NOS/Assets/StreamingAssets/Backgrounds/StockCake-Luminous_Brain_Art-1010329-standard.jpg

[Log] [Uploader] Starting fetch for Xml/UML_SystemDesign.xml (ID: 2)

[Log] [XmlWindow] Loading XML from local path: 'StreamingAssets/Xml/Planets Sample XML.xml'
[Log] XML Full Path to load: file:///Users/dongoddard/Unity/Projects/NOS/Assets/StreamingAssets/Xml/Planets%20Sample%20XML.xml

[Log] [XmlWindow] XML State restoration complete for XML Planets(Clone)
[Log] [WindowBase] Scroll Restored for Debug Log(Clone): 1109.45

[Log] <color=lime>[Uploader] ProcessRequest #1 success.</color>

[Log] [Uploader] Data received: 4267 chars

[Log] <color=lime>[Uploader] Fetch #1 success!</color>

[Log] [UIManager] Layout Data Received from 'Global/DesktopLayout.nos' (4265 bytes).

[Log] <color=lime>[Uploader] ProcessRequest #2 success.</color>

[Log] [Uploader] Data received: 3248 chars

[Log] <color=lime>[Uploader] Fetch #2 success!</color>

[Log] [UmlWindow] Found 4 classes in XML.

[Log] [UmlWindow] Loaded from GitHub.

[Log] <color=lime>[BACKGROUND SUCCESS]</color> StockCake-Luminous_Brain_Art-1010329-standard.jpg loaded.

[Exception] ArgumentException: Texture 'Icon_Image' is not readable. For this reason, scripts cannot access the memory allocated to it. You can make this texture readable in the Texture Import Settings.
[Exception] ArgumentException: Texture 'Icon_Image' is not readable. For this reason, scripts cannot access the memory allocated to it. You can make this texture readable in the Texture Import Settings.
[Exception] ArgumentException: Texture 'Icon_Image' is not readable. For this reason, scripts cannot access the memory allocated to it. You can make this texture readable in the Texture Import Settings.
[Exception] ArgumentException: Texture 'Icon_Image' is not readable. For this reason, scripts cannot access the memory allocated to it. You can make this texture readable in the Texture Import Settings.
[Log] <color=orange>[UIManager] Desktop marked dirty.</color>

