[Log] Loading GameSettings...

[Log]   GameSettings Loaded

[Log] -=- Running NOS (ver Recompiled since last build) built on 4/9/2026 10:45 AM-=-

[Log] [UIManager] Loading Desktop Layout from GitHub...

[Log] [Uploader] Starting fetch for Global/DesktopLayout.nos (ID: 1)

[Log] [NOS] Boot sequence finalized.

[Log] [Desktop] OnEnable started.

[Log] [Desktop] Background and copyright label created and added to DesktopLayer.

[Log] [Desktop] No currentWallpaperUrl to restore.

[Log] <color=lime>[Uploader] ProcessRequest #1 success.</color>

[Log] [Uploader] Data received: 7211 chars

[Log] <color=lime>[Uploader] Fetch #1 success!</color>

[Log] [UIManager] Layout Data Received from 'Global/DesktopLayout.nos' (7209 bytes).

[Log] [UIManager] Restoring Layout. User: Global, Background: gradient://0.0500,0.0500,0.1800,0.2200,0.0700,0.3800,246.2, Windows: 6

[Log] [UIManager] Found Desktop, calling SetWallpaper directly.

[Log] [Uploader] Starting fetch for Global/Files/Xaml/GorpEquation.gorp (ID: 2)

[Log] [Uploader] Starting fetch for Global/Files/Xaml/GorpEquation.gorp (ID: 3)

[Log] [XmlWindow] Loading XML from local path: 'StreamingAssets/Xml/finite_diff.xml'
[Log] XML Full Path to load: file:///Users/dongoddard/Unity/Projects/NOS/Assets/StreamingAssets/Xml/finite_diff.xml

[Log] [Uploader] Starting fetch for Global/Files/Uml/SystemArchitecture.xml (ID: 4)

[Log] [XmlWindow] XML State restoration complete for XML finite_diff(Clone)
[Log] [WindowBase] Scroll Restored for App Gallery(Clone): 0.78125

[Log] [WindowBase] Scroll Restored for Debug Log(Clone): 386.7188

[Log] <color=lime>[Uploader] ProcessRequest #3 success.</color>

[Log] [Uploader] Data received: 377 chars

[Log] <color=lime>[Uploader] Fetch #3 success!</color>

[Log] [GorpEquationWindow] Loaded from GitHub: Global/Files/Xaml/GorpEquation.gorp

[Log] <color=lime>[Uploader] ProcessRequest #2 success.</color>

[Log] [Uploader] Data received: 377 chars

[Log] <color=lime>[Uploader] Fetch #2 success!</color>

[Log] [GorpEquationWindow] Loaded from GitHub: Global/Files/Xaml/GorpEquation.gorp

[Log] <color=lime>[Uploader] ProcessRequest #4 success.</color>

[Log] [Uploader] Data received: 3237 chars

[Log] <color=lime>[Uploader] Fetch #4 success!</color>

[Log] [UmlWindow] Found 4 classes in XML.

[Log] [UmlWindow] Loaded from GitHub: Global/Files/Uml/SystemArchitecture.xml

